// STATE CONTRACT v0.2. Syntax may refine; semantics require ADR to change.
type RunStatus='offered'|'active'|'dying'|'ended'|'abandoned';
type ActionType='cultivate'|'travel'|'worldly'|'pursuit';
type ConditionKind='injury'|'pillToxicity'|'curse'|'blessing'|'pursued'|'other';
type DeathCause=string; // stable DeathCauseDefinition ID/category; current v1 values are not a Core enum limit
type RiskConditionInstance={id:string;definitionId:string;severity:1|2|3;sourceRefs:string[];createdAge:number;createdNodeIndex:number;visibility:'explicit'|'hinted'|'hidden';tags:string[]};
type DeathRecord={deathCauseId:string;category:string;age:number;realmId:string;immediateSource:string;contributingSourceRefs:string[];warningFacts:string[];sourceCommandId?:string;sourceEventId?:string;sourceCauseId?:string;sourceActorId?:string;trace:Record<string,unknown>};
type BuildAffinity={buildId:string;affinityBps:number;lifetimeEvidence:number;lastEvidenceNodeIndex:number};
type BuildEvidenceFact={id:string;type:'BUILD_FIRST_EVIDENCE'|'BUILD_EVIDENCE';buildId:string;amount:number;affinityBefore:number;affinityAfter:number;source:string;sourceCommandId:string;age:number;nodeIndex:number;reasonTag:string};
type BuildTransitionFact={id:string;type:'BUILD_STAGE_TRANSITION'|'BUILD_DOMINANT_FORMED'|'BUILD_DOMINANT_CHANGED'|'BUILD_REFINED'|'BUILD_BRANCH_UNLOCKED';buildId:string;source:string;sourceCommandId:string;age:number;nodeIndex:number;reasonTag:string;fromStage?:string;toStage?:string;fromBuildId?:string;toBuildId?:string};

export type InnateProfile={spiritualRoot:string;talentIds:string[];majorDestinyId:string};
export type InnateProfileOffer={selectionId:string;profile:InnateProfile};
export type GameState={schemaVersion:number;rulesVersion:string;contentVersion:string;stateVersion:number;run:RunState;metaView:MetaView};

export type RunState={
 runId:string;playerId:string;rootSeed:string;status:RunStatus;nodeIndex:number;age:number;maxAge:number;
 offer?:{offerId:string;destinyIds:[string,string,string];innateProfiles?:[InnateProfileOffer,InnateProfileOffer,InnateProfileOffer]};
 realm:{id:string;order:number;cultivation:number;cultivationBps?:number;realmFoundationBps?:number};
 attributes:{insight:number;body:number;spiritSense:number;fortune:number};
 resources:{spiritStone:number;items:Record<string,number>};
 conditions:Array<{id:string;kind:ConditionKind;stacks:number;sourceRef:string;remainingNodes?:number}>;
 risk?:{conditions:RiskConditionInstance[];exposureCount:number};
 identity:{runName:string;destinyId?:string;innateProfile?:InnateProfile;rootTags:string[];factionId?:string;titles:string[]};
 actions:{available:ActionType[];pursuitCauseIds:string[];recent:ActionType[]};
 events:{current?:{eventId:string;kind:string;phase?:string};history:Array<{eventId:string;nodeIndex:number;resultTier?:string}>};
 causes:{byId:Record<string,CauseInstance>};
 npcs:{nextNpcSequence:number;byId:Record<string,NpcInstance>};
 build:{techniques:string[];artifacts:string[];consumables:string[];tagScores:Record<string,number>;mainPath?:string;secondaryPath?:string;affinities?:Record<string,BuildAffinity>;dominantBuildId?:string;evidenceFacts?:BuildEvidenceFact[];transitionFacts?:BuildTransitionFact[];unlockedBuildIds?:string[]};
 world:{regionId:string;knownRegionIds:string[];tags:string[];factionStanding:Record<string,number>};
 ending?:{endingId:string;deathCause?:DeathCause;sourceRef?:string;age:number;factIds:string[]};
 deathRecord?:DeathRecord;
 rng:RngState;
 director:{firstRun:boolean;interventions:number;last?:{nodeIndex:number;kind:string;reason:string}};
};

export type NpcActualStatus='active'|'missing'|'dead'|'departed';
export type NpcRelationState={affinity:number;trust:number;debt:number;encounterCount:number};
export type NpcKnowledgeState={met:boolean;knownFactIds:string[];knownTraitTags:string[];knownStatus?:NpcActualStatus;lastKnownAge?:number;lastKnownNodeIndex?:number};
export type NpcMilestoneFact={type:string;age:number;nodeIndex:number;sourceRef:string;reasonTag:string};
export type NpcInstance={npcId:string;definitionId?:string;archetypeId?:string;originKind:'core'|'generated';displayName:string;traitTags:string[];factIds:string[];tags:string[];roleTags:string[];actualStatus:NpcActualStatus;relation:NpcRelationState;significance:number;promotedToA:boolean;knowledge:NpcKnowledgeState;createdAge:number;createdNodeIndex:number;lastEncounterAge:number;lastEncounterNodeIndex:number;encounterCount:number;milestoneFacts:NpcMilestoneFact[]};
export type RngState={algorithmId:'xoshiro128ss-v1';rootSeed:string;streams:Record<string,{s:[number,number,number,number];drawIndex:number}>};
export type MetaState={playerId:string;metaCurrency:number;unlocks:string[];discoveries:string[];achievements:string[];cosmetics:string[];entitlements:string[];settings:Record<string,unknown>;stats:Record<string,number>};
export type MetaView=Pick<MetaState,'unlocks'|'entitlements'|'discoveries'>;

// Invariants: ranges in numeric.ref; run versions/rootSeed immutable after offer creation;
// offered=>destinyId absent+offer present; active=>chosen destinyId present;
// ended Run rule fields immutable; persistent NPCs cannot be removed; nextNpcSequence/significance/promotion are monotonic.
